[2025-03-08T11:49:25.312+0500][info][gc] Using The Z Garbage Collector
[2025-03-08T11:49:25.453+0500][info][gc] GC(0) Garbage Collection (Warmup) 6M(17%)->6M(17%)
[2025-03-08T11:49:28.447+0500][info][gc] GC(1) Garbage Collection (Warmup) 12M(33%)->6M(17%)
[2025-03-08T11:49:28.560+0500][info][gc] GC(2) Garbage Collection (Warmup) 18M(50%)->6M(17%)
[2025-03-08T11:49:28.850+0500][info][gc] GC(3) Garbage Collection (Allocation Rate) 18M(50%)->10M(28%)
[2025-03-08T11:49:28.947+0500][info][gc] GC(4) Garbage Collection (Allocation Rate) 12M(33%)->8M(22%)
[2025-03-08T11:49:33.947+0500][info][gc] GC(5) Garbage Collection (Proactive) 12M(33%)->10M(28%)
[2025-03-08T11:49:39.945+0500][info][gc] GC(6) Garbage Collection (Proactive) 14M(39%)->12M(33%)
[2025-03-08T11:49:51.337+0500][info][gc] Allocation Stall (main) 13.703ms
[2025-03-08T11:49:51.339+0500][info][gc] GC(7) Garbage Collection (Allocation Stall) 36M(100%)->16M(44%)
[2025-03-08T11:49:51.449+0500][info][gc] GC(8) Garbage Collection (Allocation Rate) 22M(61%)->8M(22%)
[2025-03-08T11:49:56.947+0500][info][gc] GC(9) Garbage Collection (Proactive) 12M(33%)->8M(22%)
[2025-03-08T11:50:01.844+0500][info][gc] GC(10) Garbage Collection (Proactive) 12M(33%)->12M(33%)
[2025-03-08T11:50:11.945+0500][info][gc] GC(11) Garbage Collection (Proactive) 16M(44%)->10M(28%)
[2025-03-08T11:50:21.441+0500][info][gc] GC(12) Garbage Collection (Proactive) 14M(39%)->12M(33%)
[2025-03-08T11:50:33.943+0500][info][gc] GC(13) Garbage Collection (Proactive) 16M(44%)->12M(33%)
[2025-03-08T11:50:47.940+0500][info][gc] GC(14) Garbage Collection (Proactive) 16M(44%)->12M(33%)
[2025-03-08T11:51:01.941+0500][info][gc] GC(15) Garbage Collection (Proactive) 16M(44%)->14M(39%)
[2025-03-08T11:51:31.042+0500][info][gc] GC(16) Garbage Collection (Proactive) 18M(50%)->10M(28%)
