[2025-03-08T11:33:15.204+0500][info][gc] Using G1
[2025-03-08T11:33:19.867+0500][info][gc] GC(0) Pause Young (Normal) (G1 Evacuation Pause) 5M->2M(12M) 2.975ms
[2025-03-08T11:33:19.898+0500][info][gc] GC(1) Pause Young (Normal) (G1 Evacuation Pause) 4M->2M(12M) 1.566ms
[2025-03-08T11:33:19.947+0500][info][gc] GC(2) Pause Young (Normal) (G1 Evacuation Pause) 4M->3M(12M) 0.984ms
[2025-03-08T11:33:19.984+0500][info][gc] GC(3) Pause Young (Normal) (G1 Evacuation Pause) 6M->3M(12M) 2.483ms
[2025-03-08T11:33:20.007+0500][info][gc] GC(4) Pause Young (Normal) (G1 Evacuation Pause) 6M->4M(12M) 1.428ms
[2025-03-08T11:33:20.111+0500][info][gc] GC(5) Pause Young (Normal) (G1 Evacuation Pause) 7M->4M(12M) 1.579ms
[2025-03-08T11:33:20.179+0500][info][gc] GC(6) Pause Young (Normal) (G1 Evacuation Pause) 7M->4M(12M) 1.597ms
[2025-03-08T11:33:20.279+0500][info][gc] GC(7) Pause Young (Normal) (G1 Evacuation Pause) 7M->5M(12M) 1.218ms
[2025-03-08T11:33:20.360+0500][info][gc] GC(8) Pause Young (Normal) (G1 Evacuation Pause) 8M->5M(12M) 1.896ms
[2025-03-08T11:33:33.211+0500][info][gc] GC(9) Pause Young (Concurrent Start) (G1 Humongous Allocation) 7M->5M(12M) 2.094ms
[2025-03-08T11:33:33.211+0500][info][gc] GC(10) Concurrent Undo Cycle
[2025-03-08T11:33:33.212+0500][info][gc] GC(10) Concurrent Undo Cycle 0.121ms
[2025-03-08T11:33:46.251+0500][info][gc] GC(11) Pause Young (Concurrent Start) (G1 Humongous Allocation) 8M->6M(12M) 1.317ms
[2025-03-08T11:33:46.251+0500][info][gc] GC(12) Concurrent Mark Cycle
[2025-03-08T11:33:46.259+0500][info][gc] GC(12) Pause Remark 8M->8M(12M) 3.589ms
[2025-03-08T11:33:46.260+0500][info][gc] GC(13) Pause Young (Normal) (G1 Evacuation Pause) 9M->7M(12M) 0.695ms
[2025-03-08T11:33:46.260+0500][info][gc] GC(12) Pause Cleanup 7M->7M(12M) 0.029ms
[2025-03-08T11:33:46.261+0500][info][gc] GC(12) Concurrent Mark Cycle 8.874ms
[2025-03-08T11:33:46.262+0500][info][gc] GC(14) Pause Young (Prepare Mixed) (G1 Evacuation Pause) 8M->7M(12M) 0.589ms
[2025-03-08T11:33:46.265+0500][info][gc] GC(15) Pause Young (Mixed) (G1 Evacuation Pause) 8M->7M(12M) 1.169ms
[2025-03-08T11:33:46.266+0500][info][gc] GC(16) Pause Young (Concurrent Start) (G1 Evacuation Pause) 9M->7M(12M) 0.572ms
[2025-03-08T11:33:46.266+0500][info][gc] GC(17) Concurrent Mark Cycle
[2025-03-08T11:33:46.269+0500][info][gc] GC(18) Pause Young (Normal) (G1 Evacuation Pause) 9M->7M(12M) 0.671ms
[2025-03-08T11:33:46.274+0500][info][gc] GC(17) Pause Remark 7M->7M(12M) 3.707ms
[2025-03-08T11:33:46.275+0500][info][gc] GC(17) Pause Cleanup 8M->8M(12M) 0.031ms
[2025-03-08T11:33:46.275+0500][info][gc] GC(17) Concurrent Mark Cycle 7.791ms
[2025-03-08T11:33:46.276+0500][info][gc] GC(19) Pause Young (Prepare Mixed) (G1 Evacuation Pause) 9M->7M(12M) 0.516ms
[2025-03-08T11:33:46.279+0500][info][gc] GC(20) Pause Young (Mixed) (G1 Evacuation Pause) 9M->7M(12M) 1.118ms
[2025-03-08T11:33:46.281+0500][info][gc] GC(21) Pause Young (Concurrent Start) (G1 Evacuation Pause) 9M->7M(12M) 0.551ms
[2025-03-08T11:33:46.281+0500][info][gc] GC(22) Concurrent Mark Cycle
[2025-03-08T11:33:46.284+0500][info][gc] GC(23) Pause Young (Normal) (G1 Evacuation Pause) 9M->7M(12M) 0.405ms
[2025-03-08T11:33:46.285+0500][info][gc] GC(22) Pause Remark 7M->7M(12M) 1.379ms
[2025-03-08T11:33:46.286+0500][info][gc] GC(22) Pause Cleanup 8M->8M(12M) 0.026ms
[2025-03-08T11:33:46.286+0500][info][gc] GC(22) Concurrent Mark Cycle 5.255ms
[2025-03-08T11:33:46.286+0500][info][gc] GC(24) Pause Young (Prepare Mixed) (G1 Evacuation Pause) 8M->7M(12M) 0.243ms
[2025-03-08T11:33:46.288+0500][info][gc] GC(25) Pause Young (Mixed) (G1 Evacuation Pause) 8M->7M(12M) 0.991ms
[2025-03-08T11:33:46.289+0500][info][gc] GC(26) Pause Young (Concurrent Start) (G1 Evacuation Pause) 8M->7M(12M) 0.340ms
[2025-03-08T11:33:46.289+0500][info][gc] GC(27) Concurrent Mark Cycle
[2025-03-08T11:33:46.290+0500][info][gc] GC(28) Pause Young (Normal) (G1 Evacuation Pause) 8M->7M(12M) 0.222ms
[2025-03-08T11:33:46.291+0500][info][gc] GC(29) Pause Young (Normal) (G1 Evacuation Pause) 8M->7M(12M) 0.268ms
[2025-03-08T11:33:46.294+0500][info][gc] GC(27) Pause Remark 7M->7M(12M) 2.030ms
[2025-03-08T11:33:46.295+0500][info][gc] GC(27) Pause Cleanup 8M->8M(12M) 0.029ms
[2025-03-08T11:33:46.295+0500][info][gc] GC(27) Concurrent Mark Cycle 5.376ms
[2025-03-08T11:33:46.295+0500][info][gc] GC(30) Pause Young (Prepare Mixed) (G1 Evacuation Pause) 8M->7M(12M) 0.301ms
[2025-03-08T11:33:46.297+0500][info][gc] GC(31) Pause Young (Mixed) (G1 Evacuation Pause) 8M->7M(12M) 0.823ms
[2025-03-08T11:33:46.298+0500][info][gc] GC(32) Pause Young (Concurrent Start) (G1 Evacuation Pause) 8M->7M(12M) 0.339ms
[2025-03-08T11:33:46.298+0500][info][gc] GC(33) Concurrent Mark Cycle
[2025-03-08T11:33:46.299+0500][info][gc] GC(34) Pause Young (Normal) (G1 Evacuation Pause) 8M->7M(12M) 0.291ms
[2025-03-08T11:33:46.301+0500][info][gc] GC(35) Pause Young (Normal) (G1 Evacuation Pause) 8M->7M(12M) 0.256ms
[2025-03-08T11:33:46.302+0500][info][gc] GC(33) Pause Remark 8M->8M(12M) 1.130ms
[2025-03-08T11:33:46.303+0500][info][gc] GC(33) Pause Cleanup 9M->9M(12M) 0.025ms
[2025-03-08T11:33:46.303+0500][info][gc] GC(33) Concurrent Mark Cycle 4.647ms
[2025-03-08T11:33:46.405+0500][info][gc] GC(36) Pause Young (Prepare Mixed) (G1 Evacuation Pause) 9M->6M(12M) 0.759ms
[2025-03-08T11:33:59.413+0500][info][gc] GC(37) Pause Young (Mixed) (G1 Evacuation Pause) 8M->5M(12M) 1.497ms
[2025-03-08T11:34:00.995+0500][info][gc] GC(38) Pause Young (Concurrent Start) (G1 Humongous Allocation) 6M->5M(12M) 0.983ms
[2025-03-08T11:34:00.995+0500][info][gc] GC(39) Concurrent Mark Cycle
[2025-03-08T11:34:01.000+0500][info][gc] GC(39) Pause Remark 6M->6M(12M) 1.705ms
[2025-03-08T11:34:01.001+0500][info][gc] GC(39) Pause Cleanup 6M->6M(12M) 0.033ms
[2025-03-08T11:34:01.001+0500][info][gc] GC(39) Concurrent Mark Cycle 5.384ms
[2025-03-08T11:34:29.431+0500][info][gc] GC(40) Pause Young (Prepare Mixed) (G1 Evacuation Pause) 9M->5M(12M) 0.944ms
[2025-03-08T11:34:59.451+0500][info][gc] GC(41) Pause Young (Mixed) (G1 Evacuation Pause) (Evacuation Failure) 9M->7M(12M) 1.568ms
[2025-03-08T11:35:19.471+0500][info][gc] GC(42) Pause Young (Concurrent Start) (G1 Evacuation Pause) 9M->7M(12M) 0.669ms
[2025-03-08T11:35:19.471+0500][info][gc] GC(43) Concurrent Mark Cycle
[2025-03-08T11:35:19.475+0500][info][gc] GC(43) Pause Remark 7M->7M(12M) 1.772ms
[2025-03-08T11:35:19.476+0500][info][gc] GC(43) Pause Cleanup 7M->7M(12M) 0.024ms
[2025-03-08T11:35:19.476+0500][info][gc] GC(43) Concurrent Mark Cycle 4.686ms
[2025-03-08T11:35:39.456+0500][info][gc] GC(44) Pause Young (Prepare Mixed) (G1 Evacuation Pause) 9M->7M(12M) 0.794ms
[2025-03-08T11:35:59.497+0500][info][gc] GC(45) Pause Young (Mixed) (G1 Evacuation Pause) 9M->5M(12M) 1.302ms
